libchamplain-gtk-0.12-0:amd64 fotoxx:amd64 libchamplain-0.12-0:amd64 fotoxx-common:amd64
