1 /usr/bin/unattended-upgrade
2 /usr/bin/unattended-upgrade
3 /usr/bin/unattended-upgrade
4 /usr/bin/unattended-upgrade
5 /usr/bin/unattended-upgrade
6 /usr/bin/unattended-upgrade
7 /usr/bin/unattended-upgrade
8 /usr/bin/unattended-upgrade
9 /usr/bin/unattended-upgrade
10 /usr/bin/unattended-upgrade
