36	apt-get install mtp-tools
37	apt-get install go-mtpfs
