28	2019-08-25  14:27:13	2019-08-25  14:27:23
29	2019-08-25  14:27:51	2019-08-25  14:27:54
30	2019-08-25  14:35:44	2019-08-25  14:35:45
31	2019-08-25  14:35:57	2019-08-25  14:35:58
32	2019-08-25  21:47:37	2019-08-25  21:47:39
33	2019-08-25  21:47:46	2019-08-25  21:47:47
34	2019-08-25  21:51:58	2019-08-25  21:52:00
35	2019-08-25  22:00:11	2019-08-25  22:00:16
36	2019-08-26  03:28:27	2019-08-26  03:28:29
37	2019-08-26  03:29:32	2019-08-26  03:29:32
