0	/usr/bin/first-unattended-upgrade
1	/usr/bin/unattended-upgrade
