{
  'Start-Date': '2019-08-25  14:27:51',
  Commandline: 'apt-get install fotoxx',
  'Requested-By': 'rolf (1000)',
  Install: 'libchamplain-gtk-0.12-0:amd64 (0.12.19-2, automatic), fotoxx:amd64 (18.07.2-1), libchamplain-0.12-0:amd64 (0.12.19-2, automatic), fotoxx-common:amd64 (18.07.2-1, automatic)',
  'End-Date': '2019-08-25  14:27:54'
}
